height 39
width 41
map
.@.@.@.@.@.@.@.@.@.@.@.@.@.@.@.@.@.@.@.@.
.........................................
@.......................................@
.........................................
@.......................................@
.........................................
.........................................
.........................................
.@@@@..@@@@..@@@@..@@@@..@@@@............
.@@@...@@@...@@@...@@@...@@@.............
.@@@@..@@@@..@@@@..@@@@..@@@@............
.........................................
.........................................
.@@@@..@@@@..@@@@..@@@@..@@@@............
.@@@...@@@...@@@...@@@...@@@.............
.@@@@..@@@@..@@@@..@@@@..@@@@............
.........................................
.........................................
.@@@@..@@@@..@@@@..@@@@..@@@@............
.@@@...@@@...@@@...@@@...@@@.............
.@@@@..@@@@..@@@@..@@@@..@@@@.....@@@....
...................................@.....
..................................@@@....
.@@@@..@@@@..@@@@..@@@@..@@@@......@.....
.@@@...@@@...@@@...@@@...@@@......@@@....
.@@@@..@@@@..@@@@..@@@@..@@@@............
.........................................
.........................................
.@@@@..@@@@..@@@@..@@@@..@@@@.....@@@....
.@@@...@@@...@@@...@@@...@@@.......@.....
.@@@@..@@@@..@@@@..@@@@..@@@@.....@@@....
...................................@.....
..................................@@@....
.........................................
.........................................
.........................................
.........................................
.........................................
.........................................